// Jest Snapshot v1, https://goo.gl/fbAQLP

exports[`Filter component loaded 1`] = `
<div
  className="product-list"
>
  <div
    className="container"
  >
    <div
      className="row"
    >
      <div
        className="product-list-left  col-12 col-sm-12 col-md-12 col-lg-4 col-xl-4"
      >
        <div
          className="filters"
        >
          <button
            aria-label={null}
            className="close-btn btn btn-link"
            onClick={[Function]}
            type="button"
          >
            <img
              alt="Close"
              src="close-icon.svg"
            />
          </button>
          <div
            className="container"
          >
            <form
              className=""
            >
              <div
                className="form-group"
              >
                <label
                  className=""
                  htmlFor="exampleSelect"
                >
                  Category
                </label>
                <select
                  className="form-control"
                  id="exampleSelect"
                  name="select"
                  onChange={[Function]}
                  value=""
                >
                  <option
                    value=""
                  >
                    
                  </option>
                  <option
                    value="Compact SUV"
                  >
                    Compact SUV
                  </option>
                  <option
                    value="Premium hatchback"
                  >
                    Premium hatchback
                  </option>
                  <option
                    value="Hatchback"
                  >
                    Hatchback
                  </option>
                </select>
              </div>
              <div
                className="form-group"
              >
                <label
                  className=""
                  htmlFor="exampleSelect"
                >
                  Price range
                </label>
                <div
                  aria-disabled={false}
                  className="input-range"
                  onKeyDown={[Function]}
                  onKeyUp={[Function]}
                  onMouseDown={[Function]}
                  onTouchStart={[Function]}
                >
                  <span
                    className="input-range__label input-range__label--min"
                  >
                    <span
                      className="input-range__label-container"
                    >
                      0
                    </span>
                  </span>
                  <div
                    className="input-range__track input-range__track--background"
                    onMouseDown={[Function]}
                    onTouchStart={[Function]}
                  >
                    <div
                      className="input-range__track input-range__track--active"
                      style={
                        Object {
                          "left": "0%",
                          "width": "0%",
                        }
                      }
                    />
                    <span
                      className="input-range__slider-container"
                      style={
                        Object {
                          "left": "0%",
                          "position": "absolute",
                        }
                      }
                    >
                      <span
                        className="input-range__label input-range__label--value"
                      >
                        <span
                          className="input-range__label-container"
                        >
                          0
                        </span>
                      </span>
                      <div
                        aria-valuemax={20}
                        aria-valuemin={0}
                        aria-valuenow={0}
                        className="input-range__slider"
                        draggable="false"
                        onKeyDown={[Function]}
                        onMouseDown={[Function]}
                        onTouchStart={[Function]}
                        role="slider"
                        tabIndex="0"
                      />
                    </span>
                  </div>
                  <span
                    className="input-range__label input-range__label--max"
                  >
                    <span
                      className="input-range__label-container"
                    >
                      20
                    </span>
                  </span>
                </div>
              </div>
              <div
                className="form-group"
              >
                <label
                  className=""
                  htmlFor="exampleSelect"
                >
                  Vehicle Condition
                </label>
                <select
                  className="form-control"
                  id="exampleSelect"
                  name="select"
                  onChange={[Function]}
                  value=""
                >
                  <option
                    value="used"
                  >
                    used
                  </option>
                  <option
                    value="damaged"
                  >
                    damaged
                  </option>
                </select>
              </div>
              <div
                className="form-group"
              >
                <label
                  className=""
                  htmlFor="exampleSelect"
                >
                  Car make
                </label>
                <select
                  className="form-control"
                  id="exampleSelect"
                  name="select"
                  onChange={[Function]}
                  value=""
                >
                  <option
                    value="TATA"
                  >
                    TATA
                  </option>
                  <option
                    value="Kia"
                  >
                    Kia
                  </option>
                  <option
                    value="Hyundai"
                  >
                    Hyundai
                  </option>
                  <option
                    value="Ford"
                  >
                    Ford
                  </option>
                  <option
                    value="Maruti"
                  >
                    Maruti
                  </option>
                </select>
              </div>
              <div
                className="submit-row form-group"
              >
                <button
                  aria-label={null}
                  className="btn btn-secondary"
                  onClick={[Function]}
                  type="button"
                >
                  Apply
                </button>
                 
                <button
                  aria-label={null}
                  className="btn btn-secondary"
                  onClick={[Function]}
                  type="button"
                >
                  Reset
                </button>
              </div>
            </form>
          </div>
        </div>
      </div>
      <div
        className="product-list-right col-12 col-sm-12 col-md-12 col-lg-8 col-xl-8"
      >
        <div
          className="sorter-row"
        >
          <div
            className="sorter"
          >
            <div
              className="container"
            >
              <div
                className="row"
              >
                <div
                  className="search-row col-12 col-sm-12 col-md-12 col-lg-4"
                >
                  <input
                    className="form-control"
                    onChange={[Function]}
                    placeholder="Search"
                    type="text"
                    value=""
                  />
                </div>
                <div
                  className="col-7 col-sm-8 col-md-8 col-lg-4"
                >
                  <select
                    className="form-control"
                    onChange={[Function]}
                    placeholder="Filter by price"
                    value=""
                  >
                    <option
                      value="ASC"
                    >
                      Low to High
                    </option>
                    <option
                      value="DESC"
                    >
                      High to Low
                    </option>
                  </select>
                </div>
                <div
                  className="filter-btn col-auto"
                >
                  <button
                    aria-label={null}
                    className="btn btn-info"
                    onClick={[Function]}
                    type="button"
                  >
                    Filter
                  </button>
                   
                </div>
              </div>
            </div>
          </div>
        </div>
        <div
          className="product-row"
        >
          <div
            className="container"
          >
            <div
              className="row"
            >
              <div
                className="card-col col-12 col-sm-6 col-md-4 col-lg-4 col-xl-4"
              >
                <div
                  className="card"
                >
                  <img
                    alt="Card image cap"
                    className="card-img-top"
                    src="https://stimg.cardekho.com/images/car-images/large/Tata/Nexon/7297/1579769288048/224_Flame-Red_a52411.jpg"
                    width="100%"
                  />
                  <div
                    className="card-body"
                  >
                    <h5
                      className="card-title"
                    >
                      Tata Nexon
                    </h5>
                    <h6
                      className="mb-2 text-muted card-subtitle"
                    >
                      ₹ 600000
                    </h6>
                    <button
                      aria-label={null}
                      className="btn btn-secondary"
                      onClick={[Function]}
                    >
                      Book Now
                    </button>
                  </div>
                </div>
              </div>
              <div
                className="card-col col-12 col-sm-6 col-md-4 col-lg-4 col-xl-4"
              >
                <div
                  className="card"
                >
                  <img
                    alt="Card image cap"
                    className="card-img-top"
                    src="https://stimg.cardekho.com/images/car-images/large/Tata/Nexon/7297/1579769288048/224_Flame-Red_a52411.jpg"
                    width="100%"
                  />
                  <div
                    className="card-body"
                  >
                    <h5
                      className="card-title"
                    >
                      Kia Sonet
                    </h5>
                    <h6
                      className="mb-2 text-muted card-subtitle"
                    >
                      ₹ 700000
                    </h6>
                    <button
                      aria-label={null}
                      className="btn btn-secondary"
                      onClick={[Function]}
                    >
                      Book Now
                    </button>
                  </div>
                </div>
              </div>
              <div
                className="card-col col-12 col-sm-6 col-md-4 col-lg-4 col-xl-4"
              >
                <div
                  className="card"
                >
                  <img
                    alt="Card image cap"
                    className="card-img-top"
                    src="https://stimg.cardekho.com/images/car-images/large/Tata/Nexon/7297/1579769288048/224_Flame-Red_a52411.jpg"
                    width="100%"
                  />
                  <div
                    className="card-body"
                  >
                    <h5
                      className="card-title"
                    >
                      Ford EcoSport
                    </h5>
                    <h6
                      className="mb-2 text-muted card-subtitle"
                    >
                      ₹ 750000
                    </h6>
                    <button
                      aria-label={null}
                      className="btn btn-secondary"
                      onClick={[Function]}
                    >
                      Book Now
                    </button>
                  </div>
                </div>
              </div>
              <div
                className="card-col col-12 col-sm-6 col-md-4 col-lg-4 col-xl-4"
              >
                <div
                  className="card"
                >
                  <img
                    alt="Card image cap"
                    className="card-img-top"
                    src="https://stimg.cardekho.com/images/car-images/large/Tata/Nexon/7297/1579769288048/224_Flame-Red_a52411.jpg"
                    width="100%"
                  />
                  <div
                    className="card-body"
                  >
                    <h5
                      className="card-title"
                    >
                      Hyundai Venue
                    </h5>
                    <h6
                      className="mb-2 text-muted card-subtitle"
                    >
                      ₹ 675000
                    </h6>
                    <button
                      aria-label={null}
                      className="btn btn-secondary"
                      onClick={[Function]}
                    >
                      Book Now
                    </button>
                  </div>
                </div>
              </div>
            </div>
          </div>
        </div>
      </div>
    </div>
  </div>
</div>
`;
