// Jest Snapshot v1, https://goo.gl/fbAQLP

exports[`Filter component loaded 1`] = `
<div
  className="filters"
>
  <button
    aria-label={null}
    className="close-btn btn btn-link"
    onClick={[Function]}
    type="button"
  >
    <img
      alt="Close"
      src="close-icon.svg"
    />
  </button>
  <div
    className="container"
  >
    <form
      className=""
    >
      <div
        className="form-group"
      >
        <label
          className=""
          htmlFor="exampleSelect"
        >
          Category
        </label>
        <select
          className="form-control"
          id="exampleSelect"
          name="select"
          onChange={[Function]}
          value=""
        >
          <option
            value=""
          >
            
          </option>
          <option
            value="Compact SUV"
          >
            Compact SUV
          </option>
          <option
            value="Premium hatchback"
          >
            Premium hatchback
          </option>
          <option
            value="Hatchback"
          >
            Hatchback
          </option>
        </select>
      </div>
      <div
        className="form-group"
      >
        <label
          className=""
          htmlFor="exampleSelect"
        >
          Price range
        </label>
        <div
          aria-disabled={false}
          className="input-range"
          onKeyDown={[Function]}
          onKeyUp={[Function]}
          onMouseDown={[Function]}
          onTouchStart={[Function]}
        >
          <span
            className="input-range__label input-range__label--min"
          >
            <span
              className="input-range__label-container"
            >
              0
            </span>
          </span>
          <div
            className="input-range__track input-range__track--background"
            onMouseDown={[Function]}
            onTouchStart={[Function]}
          >
            <div
              className="input-range__track input-range__track--active"
              style={
                Object {
                  "left": "0%",
                  "width": "0%",
                }
              }
            />
            <span
              className="input-range__slider-container"
              style={
                Object {
                  "left": "0%",
                  "position": "absolute",
                }
              }
            >
              <span
                className="input-range__label input-range__label--value"
              >
                <span
                  className="input-range__label-container"
                >
                  0
                </span>
              </span>
              <div
                aria-valuemax={20}
                aria-valuemin={0}
                aria-valuenow={0}
                className="input-range__slider"
                draggable="false"
                onKeyDown={[Function]}
                onMouseDown={[Function]}
                onTouchStart={[Function]}
                role="slider"
                tabIndex="0"
              />
            </span>
          </div>
          <span
            className="input-range__label input-range__label--max"
          >
            <span
              className="input-range__label-container"
            >
              20
            </span>
          </span>
        </div>
      </div>
      <div
        className="form-group"
      >
        <label
          className=""
          htmlFor="exampleSelect"
        >
          Vehicle Condition
        </label>
        <select
          className="form-control"
          id="exampleSelect"
          name="select"
          onChange={[Function]}
          value=""
        >
          <option
            value="used"
          >
            used
          </option>
          <option
            value="damaged"
          >
            damaged
          </option>
        </select>
      </div>
      <div
        className="form-group"
      >
        <label
          className=""
          htmlFor="exampleSelect"
        >
          Car make
        </label>
        <select
          className="form-control"
          id="exampleSelect"
          name="select"
          onChange={[Function]}
          value=""
        >
          <option
            value="TATA"
          >
            TATA
          </option>
          <option
            value="Kia"
          >
            Kia
          </option>
          <option
            value="Hyundai"
          >
            Hyundai
          </option>
          <option
            value="Ford"
          >
            Ford
          </option>
          <option
            value="Maruti"
          >
            Maruti
          </option>
        </select>
      </div>
      <div
        className="submit-row form-group"
      >
        <button
          aria-label={null}
          className="btn btn-secondary"
          onClick={[Function]}
          type="button"
        >
          Apply
        </button>
         
        <button
          aria-label={null}
          className="btn btn-secondary"
          onClick={[Function]}
          type="button"
        >
          Reset
        </button>
      </div>
    </form>
  </div>
</div>
`;
